{
  "_format_version": "3.0",
  "services": [
    {
      "host": "simple-api-overview.upstream",
      "id": "0907c4ab-d9e4-5d21-813b-c57a97eeaad9",
      "name": "simple-api-overview",
      "path": "/some/path",
      "plugins": [],
      "port": 80,
      "protocol": "http",
      "routes": [
        {
          "id": "6fb3ba5b-774a-5b28-aa3c-ab9c6a26b484",
          "methods": [
            "GET"
          ],
          "name": "simple-api-overview_opsid1",
          "paths": [
            "~/$"
          ],
          "plugins": [],
          "regex_priority": 200,
          "strip_path": false,
          "tags": [
            "OAS3_import",
            "OAS3file_01-names-inferred.yaml"
          ]
        },
        {
          "id": "5e0d04cc-9c83-5ffd-817d-2230100812b0",
          "methods": [
            "POST"
          ],
          "name": "simple-api-overview__post",
          "paths": [
            "~/$"
          ],
          "plugins": [],
          "regex_priority": 200,
          "strip_path": false,
          "tags": [
            "OAS3_import",
            "OAS3file_01-names-inferred.yaml"
          ]
        },
        {
          "id": "fc7203a1-3b29-5eac-ac56-a1d361e14d97",
          "methods": [
            "GET"
          ],
          "name": "simple-api-overview_opsid2",
          "paths": [
            "~/application$"
          ],
          "plugins": [],
          "regex_priority": 200,
          "strip_path": false,
          "tags": [
            "OAS3_import",
            "OAS3file_01-names-inferred.yaml"
          ]
        },
        {
          "id": "f388efcc-933e-54d5-a549-2b27ef4b935f",
          "methods": [
            "POST"
          ],
          "name": "simple-api-overview_application_post",
          "paths": [
            "~/application$"
          ],
          "plugins": [],
          "regex_priority": 200,
          "strip_path": false,
          "tags": [
            "OAS3_import",
            "OAS3file_01-names-inferred.yaml"
          ]
        }
      ],
      "tags": [
        "OAS3_import",
        "OAS3file_01-names-inferred.yaml"
      ]
    }
  ],
  "upstreams": [
    {
      "id": "811c42d6-ef18-5296-a550-7dca2262b4d8",
      "name": "simple-api-overview.upstream",
      "tags": [
        "OAS3_import",
        "OAS3file_01-names-inferred.yaml"
      ],
      "targets": [
        {
          "tags": [
            "OAS3_import",
            "OAS3file_01-names-inferred.yaml"
          ],
          "target": "backend1.com:80"
        },
        {
          "tags": [
            "OAS3_import",
            "OAS3file_01-names-inferred.yaml"
          ],
          "target": "backend2.com:80"
        }
      ]
    }
  ]
}