{
  "_format_version": "3.0",
  "services": [
    {
      "host": "example.com",
      "id": "520e4991-2d1a-59b8-bf2e-579cca0969a0",
      "name": "path-parameter-test",
      "path": "/",
      "plugins": [],
      "port": 443,
      "protocol": "https",
      "routes": [
        {
          "id": "0da1f8dc-e918-5379-b3b0-ffc061ae1691",
          "methods": [
            "GET"
          ],
          "name": "path-parameter-test_opsid",
          "paths": [
            "~/demo/(?<something>[^#?/]+)/else/(?<to_do>[^#?/]+)/$"
          ],
          "plugins": [],
          "strip_path": false,
          "tags": [
            "OAS3_import",
            "OAS3file_12-path-parameter-regex.yaml"
          ]
        }
      ],
      "tags": [
        "OAS3_import",
        "OAS3file_12-path-parameter-regex.yaml"
      ]
    }
  ],
  "upstreams": []
}
