{
  "_format_version": "3.0",
  "services": [
    {
      "host": "server1.com",
      "id": "0907c4ab-d9e4-5d21-813b-c57a97eeaad9",
      "name": "simple-api-overview",
      "path": "/",
      "plugins": [
        {
          "config": {
            "message": "So long and thanks for all the fish!",
            "status_code": 403
          },
          "name": "request-termination"
        }
      ],
      "port": 443,
      "protocol": "https",
      "routes": [
        {
          "id": "d020c736-e762-5dad-8415-1684ee4f2061",
          "methods": [
            "GET"
          ],
          "name": "simple-api-overview_uses-doc-plugin",
          "paths": [
            "~/path1$"
          ],
          "plugins": [],
          "strip_path": false,
          "tags": [
            "OAS3_import",
            "OAS3file_09-generic-plugins.yaml"
          ]
        },
        {
          "id": "ef2ca083-29b3-5d7b-87c5-e4315d830c33",
          "methods": [
            "GET"
          ],
          "name": "simple-api-overview_uses-path-plugin",
          "paths": [
            "~/path2$"
          ],
          "plugins": [
            {
              "config": {
                "message": "The answer to life, the universe, and everything!",
                "status_code": 403
              },
              "name": "request-termination"
            }
          ],
          "strip_path": false,
          "tags": [
            "OAS3_import",
            "OAS3file_09-generic-plugins.yaml"
          ]
        },
        {
          "id": "f9c8a7d7-3518-5c25-b66b-40943e59f91b",
          "methods": [
            "POST"
          ],
          "name": "simple-api-overview_uses-ops-plugin",
          "paths": [
            "~/path2$"
          ],
          "plugins": [
            {
              "config": {
                "message": "For a moment, nothing happened. Then, after a second or so, nothing continued to happen.",
                "status_code": 403
              },
              "name": "request-termination"
            }
          ],
          "strip_path": false,
          "tags": [
            "OAS3_import",
            "OAS3file_09-generic-plugins.yaml"
          ]
        }
      ],
      "tags": [
        "OAS3_import",
        "OAS3file_09-generic-plugins.yaml"
      ]
    }
  ],
  "upstreams": []
}