{
  "_format_version": "3.0",
  "services": [
    {
      "host": "example.com",
      "id": "5434f850-a000-5ad5-8772-1a3cd10811e6",
      "name": "server-with-no-trailing-slash",
      "path": "/",
      "plugins": [],
      "port": 443,
      "protocol": "https",
      "routes": [
        {
          "id": "7d6c6daa-9b04-5e64-8903-0ecd06e02565",
          "methods": [
            "GET"
          ],
          "name": "server-with-no-trailing-slash_list",
          "paths": [
            "~/demo$"
          ],
          "plugins": [],
          "strip_path": false,
          "tags": [
            "OAS3_import",
            "OAS3file_13-server-no-trailing-slash.yaml"
          ]
        }
      ],
      "tags": [
        "OAS3_import",
        "OAS3file_13-server-no-trailing-slash.yaml"
      ]
    }
  ],
  "upstreams": []
}