{
  "_format_version": "3.0",
  "services": [
    {
      "protocol": "http",
      "host": "simple-api-overview.upstream",
      "port": 80,
      "path": "/path",
      "name": "simple-api-overview",
      "id": "0907c4ab-d9e4-5d21-813b-c57a97eeaad9",
      "retries": 10,
      "connect_timeout": 30000,
      "write_timeout": 30000,
      "read_timeout": 30000,
      "plugins": [],
      "routes": [
        {
          "id": "6bd5874a-b9a6-5359-9d2a-992124f2eabd",
          "methods": ["GET"],
          "strip_path": false,
          "tags": ["OAS3_import", "OAS3file_api-with-examples.yaml"],
          "name": "Simple_API_overview-x-kong-name-override-at-method",
          "paths": ["~/$"]
        },
        {
          "id": "51457358-d126-5325-a936-6c33e85a6049",
          "methods": ["GET"],
          "strip_path": false,
          "tags": ["OAS3_import", "OAS3file_api-with-examples.yaml"],
          "name": "simple-api-overview_getversiondetailsv2",
          "paths": ["~/v2$"]
        }
      ],
      "tags": ["OAS3_import", "OAS3file_api-with-examples.yaml"]
    }
  ],
  "upstreams": [
    {
      "tags": ["OAS3_import", "OAS3file_api-with-examples.yaml"],
      "name": "Simple_API_overview.upstream",
      "hash_on": "ip",
      "healthchecks": {
        "passive": {
          "unhealthy": {
            "http_failures": 3,
            "tcp_failures": 3,
            "timeouts": 3
          }
        }
      },
      "targets": [
        {
          "target": "backend.com:80",
          "tags": ["OAS3_import", "OAS3file_api-with-examples.yaml"]
        }
      ]
    }
  ]
}
